// Vitest Snapshot v1, https://vitest.dev/guide/snapshot.html

exports[`unit:errors/KronkError > #toJSON > should return error as json object 1`] = `
{
  "code": 1,
  "id": "kronk/invalid-argument",
  "message": "\`Option(-m --mask <mask>)\` does not allow \`h\`",
  "additional": [
    "Choices: 'default', 'expiresHeaderFormat', 'fullDate', 'isoDate', 'isoDateTime', 'isoTime', 'isoUtcDateTime', 'longDate', 'longTime', 'mediumDate', 'mediumTime', 'paddedShortDate', 'shortDate', and 'shortTime'",
  ],
  "cause": {
    "choice": "h",
    "choices": [
      "default",
      "expiresHeaderFormat",
      "fullDate",
      "isoDate",
      "isoDateTime",
      "isoTime",
      "isoUtcDateTime",
      "longDate",
      "longTime",
      "mediumDate",
      "mediumTime",
      "paddedShortDate",
      "shortDate",
      "shortTime",
    ],
  },
}
`;

exports[`unit:errors/KronkError > #toString > should return error as human-readable string 1`] = `"[kronk/invalid-flags] Option(-ws, --workspace) failed due to '-ws'"`;
