// Vitest Snapshot v1, https://vitest.dev/guide/snapshot.html

exports[`e2e:kronk > should expose public api 1`] = `
[
  "keid",
  "optionValueSource",
  "program",
  "Argument",
  "Command",
  "Help",
  "Helpable",
  "Option",
  "Parseable",
  "CommandError",
  "KronkError",
  "CommandEvent",
  "KronkEvent",
  "OptionEvent",
  "bool",
  "number",
  "unique",
]
`;
